

?➜  zkjson git:(circuit) ?✗ yarn mocha circom/collection/test.js 
yarn mocha circom/collection/test.js 
yarn run v1.22.19
warning ../package.json: No license field
$ /home/basque/dev/zkjson/node_modules/.bin/mocha circom/collection/test.js


  JSON circuit
we here
    1) should insert docs


  0 passing (25s)
  1 failing

  1) JSON circuit
       should insert docs:
     Error: RuntimeError: memory access out of bounds
      at /home/basque/dev/zkjson/node_modules/circom_tester/wasm/witness_calculator.js:163:27
      at Array.forEach (<anonymous>)
      at WitnessCalculator._doCalculateWitness (node_modules/circom_tester/wasm/witness_calculator.js:138:14)
      at WitnessCalculator.calculateWitness (node_modules/circom_tester/wasm/witness_calculator.js:177:20)
      at WasmTester.calculateWitness (node_modules/circom_tester/wasm/tester.js:113:45)
      at Context.<anonymous> (circom/collection/test.js:33:29)



error Command failed with exit code 1.
info Visit https://yarnpkg.com/en/docs/cli/run for documentation about this command.
?➜  zkjson git:(circuit) ?✗ yarn mocha circom/collection/test.js 
yarn mocha circom/collection/test.js 
yarn run v1.22.19
warning ../package.json: No license field
$ /home/basque/dev/zkjson/node_modules/.bin/mocha circom/collection/test.js


  JSON circuit
lets go json
    1) should insert docs


  0 passing (25s)
  1 failing

  1) JSON circuit
       should insert docs:
     Error: RuntimeError: memory access out of bounds
      at /home/basque/dev/zkjson/node_modules/circom_tester/wasm/witness_calculator.js:163:27
      at Array.forEach (<anonymous>)
      at WitnessCalculator._doCalculateWitness (node_modules/circom_tester/wasm/witness_calculator.js:138:14)
      at WitnessCalculator.calculateWitness (node_modules/circom_tester/wasm/witness_calculator.js:177:20)
      at WasmTester.calculateWitness (node_modules/circom_tester/wasm/tester.js:113:45)
      at Context.<anonymous> (circom/collection/test.js:33:29)



error Command failed with exit code 1.
info Visit https://yarnpkg.com/en/docs/cli/run for documentation about this command.
?➜  zkjson git:(circuit) ?✗ yarn mocha circom/collection/test.js 
yarn mocha circom/collection/test.js 
yarn run v1.22.19
warning ../package.json: No license field
$ /home/basque/dev/zkjson/node_modules/.bin/mocha circom/collection/test.js


  JSON circuit
lets go json
    1) should insert docs


  0 passing (25s)
  1 failing

  1) JSON circuit
       should insert docs:
     Error: RuntimeError: memory access out of bounds
      at /home/basque/dev/zkjson/node_modules/circom_tester/wasm/witness_calculator.js:163:27
      at Array.forEach (<anonymous>)
      at WitnessCalculator._doCalculateWitness (node_modules/circom_tester/wasm/witness_calculator.js:138:14)
      at WitnessCalculator.calculateWitness (node_modules/circom_tester/wasm/witness_calculator.js:177:20)
      at WasmTester.calculateWitness (node_modules/circom_tester/wasm/tester.js:113:45)
      at Context.<anonymous> (circom/collection/test.js:33:29)



error Command failed with exit code 1.
info Visit https://yarnpkg.com/en/docs/cli/run for documentation about this command.
?➜  zkjson git:(circuit) ?✗ yarn mocha circom/collection/test.js 
yarn mocha circom/collection/test.js 
yarn run v1.22.19
warning ../package.json: No license field
$ /home/basque/dev/zkjson/node_modules/.bin/mocha circom/collection/test.js


  JSON circuit
lets go json 256
    1) should insert docs


  0 passing (25s)
  1 failing

  1) JSON circuit
       should insert docs:
     Error: RuntimeError: memory access out of bounds
      at /home/basque/dev/zkjson/node_modules/circom_tester/wasm/witness_calculator.js:163:27
      at Array.forEach (<anonymous>)
      at WitnessCalculator._doCalculateWitness (node_modules/circom_tester/wasm/witness_calculator.js:138:14)
      at WitnessCalculator.calculateWitness (node_modules/circom_tester/wasm/witness_calculator.js:177:20)
      at WasmTester.calculateWitness (node_modules/circom_tester/wasm/tester.js:113:45)
      at Context.<anonymous> (circom/collection/test.js:33:29)



error Command failed with exit code 1.
info Visit https://yarnpkg.com/en/docs/cli/run for documentation about this command.
?➜  zkjson git:(circuit) ?✗ yarn mocha circom/collection/test.js 
yarn mocha circom/collection/test.js 
yarn run v1.22.19
warning ../package.json: No license field
$ /home/basque/dev/zkjson/node_modules/.bin/mocha circom/collection/test.js


  JSON circuit
lets go json 256
    1) should insert docs


  0 passing (24s)
  1 failing

  1) JSON circuit
       should insert docs:
     Error: RuntimeError: memory access out of bounds
      at /home/basque/dev/zkjson/node_modules/circom_tester/wasm/witness_calculator.js:163:27
      at Array.forEach (<anonymous>)
      at WitnessCalculator._doCalculateWitness (node_modules/circom_tester/wasm/witness_calculator.js:138:14)
      at WitnessCalculator.calculateWitness (node_modules/circom_tester/wasm/witness_calculator.js:177:20)
      at WasmTester.calculateWitness (node_modules/circom_tester/wasm/tester.js:113:45)
      at Context.<anonymous> (circom/collection/test.js:33:29)



error Command failed with exit code 1.
info Visit https://yarnpkg.com/en/docs/cli/run for documentation about this command.
?➜  zkjson git:(circuit) ?✗ yarn mocha circom/collection/test.js 
yarn mocha circom/collection/test.js 
yarn run v1.22.19
warning ../package.json: No license field
$ /home/basque/dev/zkjson/node_modules/.bin/mocha circom/collection/test.js


  JSON circuit
lets go json 256
    1) should insert docs


  0 passing (25s)
  1 failing

  1) JSON circuit
       should insert docs:
     Error: RuntimeError: memory access out of bounds
      at /home/basque/dev/zkjson/node_modules/circom_tester/wasm/witness_calculator.js:163:27
      at Array.forEach (<anonymous>)
      at WitnessCalculator._doCalculateWitness (node_modules/circom_tester/wasm/witness_calculator.js:138:14)
      at WitnessCalculator.calculateWitness (node_modules/circom_tester/wasm/witness_calculator.js:177:20)
      at WasmTester.calculateWitness (node_modules/circom_tester/wasm/tester.js:113:45)
      at Context.<anonymous> (circom/collection/test.js:33:29)



error Command failed with exit code 1.
info Visit https://yarnpkg.com/en/docs/cli/run for documentation about this command.
?➜  zkjson git:(circuit) ?✗ yarn mocha circom/collection/test.js \
yarn mocha circom/collection/test.js \
>   C-c C-c
?➜  zkjson git:(circuit) ?✗ yarn mocha circom/collection/test.js
yarn mocha circom/collection/test.js
yarn run v1.22.19
warning ../package.json: No license field
$ /home/basque/dev/zkjson/node_modules/.bin/mocha circom/collection/test.js


  JSON circuit
    1) "before all" hook for "should insert docs"


  0 passing (987ms)
  1 failing

  1) JSON circuit
       "before all" hook for "should insert docs":
     AssertionError: circom compiler error 
Error: Command failed: circom --wasm --sym --r1cs --output /tmp/circom_-61960-ga2OXFAqse48 /home/basque/dev/zkjson/circom/collection/index.circom
warning[T3001]: Typing warning: Mismatched dimensions, assigning to an array an expression of smaller length, the remaining positions are assigned to 0.
  Expected length: 20000, given 200
   ┌─ "/home/basque/dev/zkjson/circom/json/json.circom":17:5
   │
17 │     var path2[20000] = toArr(size, path, 1);
   │     ^^^^^^^^^^^^^^^^^^^^^^^^^^^^^^^^^^^^^^^ found here
   │
   = call trace:
     ->Collection
      ->JSON

warning[T3001]: Typing warning: Mismatched dimensions, assigning to an array an expression of smaller length, the remaining positions are assigned to 0.
  Expected length: 20000, given 200
   ┌─ "/home/basque/dev/zkjson/circom/json/json.circom":18:5
   │
18 │     var val2[20000] = toArr(size, val, 0);
   │     ^^^^^^^^^^^^^^^^^^^^^^^^^^^^^^^^^^^^^ found here
   │
   = call trace:
     ->Collection
      ->JSON

error[T3001]: Out of bounds exception
   ┌─ "/home/basque/dev/zkjson/circom/json/json.circom":27:19
   │
27 │         var len = _json[i];
   │                   ^^^^^^^^ found here
   │
   = call trace:
     ->Collection
      ->JSON

previous errors were found

      at compile (node_modules/circom_tester/wasm/tester.js:95:9)
      at process.processTicksAndRejections (node:internal/process/task_queues:95:5)
      at async wasm_tester (node_modules/circom_tester/wasm/tester.js:45:9)
      at async Context.<anonymous> (circom/collection/test.js:15:15)



error Command failed with exit code 1.
info Visit https://yarnpkg.com/en/docs/cli/run for documentation about this command.
?➜  zkjson git:(circuit) ?✗ yarn mocha circom/collection/test.js
yarn mocha circom/collection/test.js
yarn run v1.22.19
warning ../package.json: No license field
$ /home/basque/dev/zkjson/node_modules/.bin/mocha circom/collection/test.js


  JSON circuit
    1) should insert docs


  0 passing (25s)
  1 failing

  1) JSON circuit
       should insert docs:
     Error: RuntimeError: memory access out of bounds
      at /home/basque/dev/zkjson/node_modules/circom_tester/wasm/witness_calculator.js:163:27
      at Array.forEach (<anonymous>)
      at WitnessCalculator._doCalculateWitness (node_modules/circom_tester/wasm/witness_calculator.js:138:14)
      at WitnessCalculator.calculateWitness (node_modules/circom_tester/wasm/witness_calculator.js:177:20)
      at WasmTester.calculateWitness (node_modules/circom_tester/wasm/tester.js:113:45)
      at Context.<anonymous> (circom/collection/test.js:33:29)



error Command failed with exit code 1.
info Visit https://yarnpkg.com/en/docs/cli/run for documentation about this command.
?➜  zkjson git:(circuit) ?✗ yarn mocha circom/collection/test.js
yarn mocha circom/collection/test.js
yarn run v1.22.19
warning ../package.json: No license field
$ /home/basque/dev/zkjson/node_modules/.bin/mocha circom/collection/test.js


  JSON circuit
    1) "before all" hook for "should insert docs"


  0 passing (386ms)
  1 failing

  1) JSON circuit
       "before all" hook for "should insert docs":
     AssertionError: circom compiler error 
Error: Command failed: circom --wasm --sym --r1cs --output /tmp/circom_-64325-7tS8ocNC2UIX /home/basque/dev/zkjson/circom/collection/index.circom
error[T3001]: Out of bounds exception
   ┌─ "/home/basque/dev/zkjson/circom/json/json.circom":76:29
   │
76 │             if(_path[i4] != path2[i4 + 1]){
   │                             ^^^^^^^^^^^^^ found here
   │
   = call trace:
     ->Collection
      ->JSON

previous errors were found

      at compile (node_modules/circom_tester/wasm/tester.js:95:9)
      at process.processTicksAndRejections (node:internal/process/task_queues:95:5)
      at async wasm_tester (node_modules/circom_tester/wasm/tester.js:45:9)
      at async Context.<anonymous> (circom/collection/test.js:15:15)



error Command failed with exit code 1.
info Visit https://yarnpkg.com/en/docs/cli/run for documentation about this command.
?➜  zkjson git:(circuit) ?✗ yarn mocha circom/collection/test.js
yarn mocha circom/collection/test.js
yarn run v1.22.19
warning ../package.json: No license field
$ /home/basque/dev/zkjson/node_modules/.bin/mocha circom/collection/test.js


  JSON circuit
    1) "before all" hook for "should insert docs"


  0 passing (382ms)
  1 failing

  1) JSON circuit
       "before all" hook for "should insert docs":
     AssertionError: circom compiler error 
Error: Command failed: circom --wasm --sym --r1cs --output /tmp/circom_-64387-fW2ZWgzE2dKA /home/basque/dev/zkjson/circom/collection/index.circom
error[T3001]: Out of bounds exception
   ┌─ "/home/basque/dev/zkjson/circom/json/json.circom":76:29
   │
76 │             if(_path[i4] != path2[i4 + 1]){
   │                             ^^^^^^^^^^^^^ found here
   │
   = call trace:
     ->Collection
      ->JSON

previous errors were found

      at compile (node_modules/circom_tester/wasm/tester.js:95:9)
      at process.processTicksAndRejections (node:internal/process/task_queues:95:5)
      at async wasm_tester (node_modules/circom_tester/wasm/tester.js:45:9)
      at async Context.<anonymous> (circom/collection/test.js:15:15)



error Command failed with exit code 1.
info Visit https://yarnpkg.com/en/docs/cli/run for documentation about this command.
?➜  zkjson git:(circuit) ?✗ yarn mocha circom/collection/test.js
yarn mocha circom/collection/test.js
yarn run v1.22.19
warning ../package.json: No license field
$ /home/basque/dev/zkjson/node_modules/.bin/mocha circom/collection/test.js


  JSON circuit
0
1
2
3
4
5
6
7
8
9
10
11
12
13
14
15
16
17
18
19
20
21
22
23
24
25
26
27
28
29
30
31
32
33
34
35
36
37
38
39
40
41
42
43
44
45
46
47
48
49
50
51
52
53
54
55
56
57
58
59
60
61
62
63
64
65
66
67
68
69
70
71
72
73
74
75
76
77
78
79
80
81
82
83
84
85
86
87
88
89
90
91
92
93
94
95
96
97
98
99
100
101
102
103
104
105
106
107
108
109
110
111
112
113
114
115
116
117
118
119
120
121
122
123
124
125
126
127
128
129
130
131
132
133
134
135
136
137
138
139
140
141
142
143
144
145
146
147
148
149
150
151
152
153
154
155
156
157
158
159
160
161
162
163
164
165
166
167
168
169
170
171
172
173
174
175
176
177
178
179
180
181
182
183
184
185
186
187
188
189
190
191
192
193
194
195
196
197
198
199
200
201
202
203
204
205
206
207
208
209
210
211
212
213
214
215
216
217
218
219
220
221
222
223
224
225
226
227
228
229
230
231
232
233
234
235
236
237
238
239
240
241
242
243
244
245
246
247
248
249
250
251
252
253
254
255
0
1
2
3
4
0
1
2
3
4
    ✔ should insert docs (20908ms)


  1 passing (27s)

Done in 27.81s.
?➜  zkjson git:(circuit) ?✗ yarn mocha circom/collection/test.js
yarn mocha circom/collection/test.js
yarn run v1.22.19
warning ../package.json: No license field
$ /home/basque/dev/zkjson/node_modules/.bin/mocha circom/collection/test.js


  JSON circuit
    ✔ should insert docs (19577ms)


  1 passing (26s)

Done in 26.54s.
?➜  zkjson git:(circuit) ?✗ yarn mocha circom/collection/test.js
yarn mocha circom/collection/test.js
yarn run v1.22.19
warning ../package.json: No license field
$ /home/basque/dev/zkjson/node_modules/.bin/mocha circom/collection/test.js


  JSON circuit
    ✔ should insert docs (20462ms)


  1 passing (27s)

Done in 27.84s.
?➜  zkjson git:(circuit) ?✗ node circom/collection/generateInput.js 
node circom/collection/generateInput.js 
?➜  zkjson git:(circuit) ?✗ yarn mocha circom/db/test.js
yarn mocha circom/db/test.js
yarn run v1.22.19
warning ../package.json: No license field
$ /home/basque/dev/zkjson/node_modules/.bin/mocha circom/db/test.js


  JSON circuit
    1) "before all" hook for "should insert docs"


  0 passing (756ms)
  1 failing

  1) JSON circuit
       "before all" hook for "should insert docs":
     AssertionError: circom compiler error 
Error: Command failed: circom --wasm --sym --r1cs --output /tmp/circom_-72202-JMv147dRPhGn /home/basque/dev/zkjson/circom/db/index.circom
error[T3001]: Out of bounds exception
    ┌─ "/home/basque/dev/zkjson/circom/json/json.circom":118:33
    │
118 │         _hash[i].inputs[i2] <== json[i * 16 + i2];
    │                                 ^^^^^^^^^^^^^^^^^ found here
    │
    = call trace:
      ->DB
       ->Collection
        ->JSON

previous errors were found

      at compile (node_modules/circom_tester/wasm/tester.js:95:9)
      at process.processTicksAndRejections (node:internal/process/task_queues:95:5)
      at async wasm_tester (node_modules/circom_tester/wasm/tester.js:45:9)
      at async Context.<anonymous> (circom/db/test.js:20:15)



error Command failed with exit code 1.
info Visit https://yarnpkg.com/en/docs/cli/run for documentation about this command.
?➜  zkjson git:(circuit) ?✗ yarn mocha circom/db/test.js
yarn mocha circom/db/test.js
yarn run v1.22.19
warning ../package.json: No license field
$ /home/basque/dev/zkjson/node_modules/.bin/mocha circom/db/test.js


  JSON circuit
    ✔ should insert docs (13005ms)


  1 passing (20s)

Done in 20.44s.
?➜  zkjson git:(circuit) ?✗ yarn mocha circom/db/test.js
yarn mocha circom/db/test.js
yarn run v1.22.19
warning ../package.json: No license field
$ /home/basque/dev/zkjson/node_modules/.bin/mocha circom/db/test.js


  JSON circuit
    1) should insert docs


  0 passing (17s)
  1 failing

  1) JSON circuit
       should insert docs:
     Error: Too many values for input signal siblings

      at /home/basque/dev/zkjson/node_modules/circom_tester/wasm/witness_calculator.js:151:23
      at Array.forEach (<anonymous>)
      at WitnessCalculator._doCalculateWitness (node_modules/circom_tester/wasm/witness_calculator.js:138:14)
      at WitnessCalculator.calculateWitness (node_modules/circom_tester/wasm/witness_calculator.js:177:20)
      at WasmTester.calculateWitness (node_modules/circom_tester/wasm/tester.js:113:45)
      at Context.<anonymous> (circom/db/test.js:37:29)



error Command failed with exit code 1.
info Visit https://yarnpkg.com/en/docs/cli/run for documentation about this command.
?➜  zkjson git:(circuit) ?✗ yarn mocha circom/db/test.js
yarn mocha circom/db/test.js
yarn run v1.22.19
warning ../package.json: No license field
$ /home/basque/dev/zkjson/node_modules/.bin/mocha circom/db/test.js


  JSON circuit
    ✔ should insert docs (13806ms)


  1 passing (23s)

Done in 23.66s.
?➜  zkjson git:(circuit) ?✗ node circom/db/generateInput.js 
node circom/db/generateInput.js 
?➜  zkjson git:(circuit) ?✗ yarn mocha circom/query/test.js
yarn mocha circom/query/test.js
yarn run v1.22.19
warning ../package.json: No license field
$ /home/basque/dev/zkjson/node_modules/.bin/mocha circom/query/test.js


  query circuit
    1) "before all" hook for "should insert docs"


  0 passing (374ms)
  1 failing

  1) query circuit
       "before all" hook for "should insert docs":
     AssertionError: circom compiler error 
Error: Command failed: circom --wasm --sym --r1cs --output /tmp/circom_-79585-NPmpJdtEc8we /home/basque/dev/zkjson/circom/query/index.circom
error[T3001]: Out of bounds exception
   ┌─ "/home/basque/dev/zkjson/node_modules/circomlib/circuits/poseidon.circom":78:20
   │
78 │     var nRoundsP = N_ROUNDS_P[t - 2];
   │                    ^^^^^^^^^^^^^^^^^ found here
   │
   = call trace:
     ->Query
      ->Poseidon
       ->PoseidonEx

previous errors were found

      at compile (node_modules/circom_tester/wasm/tester.js:95:9)
      at process.processTicksAndRejections (node:internal/process/task_queues:95:5)
      at async wasm_tester (node_modules/circom_tester/wasm/tester.js:45:9)
      at async Context.<anonymous> (circom/query/test.js:12:15)



error Command failed with exit code 1.
info Visit https://yarnpkg.com/en/docs/cli/run for documentation about this command.
?➜  zkjson git:(circuit) ?✗ yarn mocha circom/query/test.js
yarn mocha circom/query/test.js
yarn run v1.22.19
warning ../package.json: No license field
$ /home/basque/dev/zkjson/node_modules/.bin/mocha circom/query/test.js


  query circuit
    1) "before all" hook for "should insert docs"


  0 passing (339ms)
  1 failing

  1) query circuit
       "before all" hook for "should insert docs":
     AssertionError: circom compiler error 
Error: Command failed: circom --wasm --sym --r1cs --output /tmp/circom_-79654-E7AjKHxfcsna /home/basque/dev/zkjson/circom/query/index.circom
error[T3001]: Out of bounds exception
   ┌─ "/home/basque/dev/zkjson/node_modules/circomlib/circuits/poseidon.circom":78:20
   │
78 │     var nRoundsP = N_ROUNDS_P[t - 2];
   │                    ^^^^^^^^^^^^^^^^^ found here
   │
   = call trace:
     ->Query
      ->Poseidon
       ->PoseidonEx

previous errors were found

      at compile (node_modules/circom_tester/wasm/tester.js:95:9)
      at process.processTicksAndRejections (node:internal/process/task_queues:95:5)
      at async wasm_tester (node_modules/circom_tester/wasm/tester.js:45:9)
      at async Context.<anonymous> (circom/query/test.js:12:15)



error Command failed with exit code 1.
info Visit https://yarnpkg.com/en/docs/cli/run for documentation about this command.
?➜  zkjson git:(circuit) ?✗ yarn mocha circom/query/test.js
yarn mocha circom/query/test.js
yarn run v1.22.19
warning ../package.json: No license field
$ /home/basque/dev/zkjson/node_modules/.bin/mocha circom/query/test.js


  query circuit
    1) "before all" hook for "should insert docs"


  0 passing (334ms)
  1 failing

  1) query circuit
       "before all" hook for "should insert docs":
     AssertionError: circom compiler error 
Error: Command failed: circom --wasm --sym --r1cs --output /tmp/circom_-79720-FHUib5v5jzgj /home/basque/dev/zkjson/circom/query/index.circom
error[T3001]: Out of bounds exception
   ┌─ "/home/basque/dev/zkjson/node_modules/circomlib/circuits/poseidon.circom":78:20
   │
78 │     var nRoundsP = N_ROUNDS_P[t - 2];
   │                    ^^^^^^^^^^^^^^^^^ found here
   │
   = call trace:
     ->Query
      ->Poseidon
       ->PoseidonEx

previous errors were found

      at compile (node_modules/circom_tester/wasm/tester.js:95:9)
      at process.processTicksAndRejections (node:internal/process/task_queues:95:5)
      at async wasm_tester (node_modules/circom_tester/wasm/tester.js:45:9)
      at async Context.<anonymous> (circom/query/test.js:12:15)



error Command failed with exit code 1.
info Visit https://yarnpkg.com/en/docs/cli/run for documentation about this command.
?➜  zkjson git:(circuit) ?✗ yarn mocha circom/query/test.js
yarn mocha circom/query/test.js
yarn run v1.22.19
warning ../package.json: No license field
$ /home/basque/dev/zkjson/node_modules/.bin/mocha circom/query/test.js


  query circuit
    ✔ should insert docs (7480ms)


  1 passing (14s)

Done in 14.64s.
?➜  zkjson git:(circuit) ?✗ yarn mocha circom/query/test.js
yarn mocha circom/query/test.js
yarn run v1.22.19
warning ../package.json: No license field
$ /home/basque/dev/zkjson/node_modules/.bin/mocha circom/query/test.js


  query circuit
    1) "before all" hook for "should insert docs"


  0 passing (341ms)
  1 failing

  1) query circuit
       "before all" hook for "should insert docs":
     AssertionError: circom compiler error 
Error: Command failed: circom --wasm --sym --r1cs --output /tmp/circom_-82096-KloSU569fk56 /home/basque/dev/zkjson/circom/query/index.circom
error[T3001]: Out of bounds exception
   ┌─ "/home/basque/dev/zkjson/node_modules/circomlib/circuits/poseidon.circom":78:20
   │
78 │     var nRoundsP = N_ROUNDS_P[t - 2];
   │                    ^^^^^^^^^^^^^^^^^ found here
   │
   = call trace:
     ->Query
      ->Poseidon
       ->PoseidonEx

previous errors were found

      at compile (node_modules/circom_tester/wasm/tester.js:95:9)
      at process.processTicksAndRejections (node:internal/process/task_queues:95:5)
      at async wasm_tester (node_modules/circom_tester/wasm/tester.js:45:9)
      at async Context.<anonymous> (circom/query/test.js:12:15)



error Command failed with exit code 1.
info Visit https://yarnpkg.com/en/docs/cli/run for documentation about this command.
?➜  zkjson git:(circuit) ?✗ yarn mocha circom/query/test.js
yarn mocha circom/query/test.js
yarn run v1.22.19
warning ../package.json: No license field
$ /home/basque/dev/zkjson/node_modules/.bin/mocha circom/query/test.js


  query circuit
    1) "before all" hook for "should insert docs"


  0 passing (365ms)
  1 failing

  1) query circuit
       "before all" hook for "should insert docs":
     AssertionError: circom compiler error 
Error: Command failed: circom --wasm --sym --r1cs --output /tmp/circom_-82146-GPRidF4OSxbm /home/basque/dev/zkjson/circom/query/index.circom
error[T3001]: Out of bounds exception
   ┌─ "/home/basque/dev/zkjson/node_modules/circomlib/circuits/poseidon.circom":78:20
   │
78 │     var nRoundsP = N_ROUNDS_P[t - 2];
   │                    ^^^^^^^^^^^^^^^^^ found here
   │
   = call trace:
     ->Query
      ->Poseidon
       ->PoseidonEx

previous errors were found

      at compile (node_modules/circom_tester/wasm/tester.js:95:9)
      at process.processTicksAndRejections (node:internal/process/task_queues:95:5)
      at async wasm_tester (node_modules/circom_tester/wasm/tester.js:45:9)
      at async Context.<anonymous> (circom/query/test.js:12:15)



error Command failed with exit code 1.
info Visit https://yarnpkg.com/en/docs/cli/run for documentation about this command.
?➜  zkjson git:(circuit) ?✗ yarn mocha circom/query/test.js
yarn mocha circom/query/test.js
yarn run v1.22.19
warning ../package.json: No license field
$ /home/basque/dev/zkjson/node_modules/.bin/mocha circom/query/test.js


  query circuit
    ✔ should insert docs (8620ms)


  1 passing (20s)

Done in 20.07s.
?➜  zkjson git:(circuit) ?✗ yarn mocha circom/query/test.js
yarn mocha circom/query/test.js
yarn run v1.22.19
warning ../package.json: No license field
$ /home/basque/dev/zkjson/node_modules/.bin/mocha circom/query/test.js


  query circuit
    ✔ should insert docs (30823ms)


  1 passing (43s)

Done in 43.55s.
?➜  zkjson git:(circuit) ?✗ node circom/query/generateInput.js 
node circom/query/generateInput.js 
node:internal/modules/cjs/loader:1042
  throw err;
  ^

Error: Cannot find module '../../db'
Require stack:
- /home/basque/dev/zkjson/circom/query/generateInput.js
    at Module._resolveFilename (node:internal/modules/cjs/loader:1039:15)
    at Module._load (node:internal/modules/cjs/loader:885:27)
    at Module.require (node:internal/modules/cjs/loader:1105:19)
    at require (node:internal/modules/cjs/helpers:103:18)
    at Object.<anonymous> (/home/basque/dev/zkjson/circom/query/generateInput.js:1:16)
    at Module._compile (node:internal/modules/cjs/loader:1218:14)
    at Module._extensions..js (node:internal/modules/cjs/loader:1272:10)
    at Module.load (node:internal/modules/cjs/loader:1081:32)
    at Module._load (node:internal/modules/cjs/loader:922:12)
    at Function.executeUserEntryPoint [as runMain] (node:internal/modules/run_main:81:12) {
  code: 'MODULE_NOT_FOUND',
  requireStack: [ '/home/basque/dev/zkjson/circom/query/generateInput.js' ]
}

Node.js v18.13.0
?➜  zkjson git:(circuit) ?✗ node circom/query/generateInput.js 
node circom/query/generateInput.js 
?➜  zkjson git:(circuit) ?✗ yarn mocha circom/rollup/test.js
yarn mocha circom/rollup/test.js
yarn run v1.22.19
warning ../package.json: No license field
$ /home/basque/dev/zkjson/node_modules/.bin/mocha circom/rollup/test.js


  SMT Verifier test
    1) "before all" hook for "should insert docs"


  0 passing (686ms)
  1 failing

  1) SMT Verifier test
       "before all" hook for "should insert docs":
     AssertionError: circom compiler error 
Error: Command failed: circom --wasm --sym --r1cs --output /tmp/circom_-91873-xbKLwDPs3QjC /home/basque/dev/zkjson/circom/rollup/index.circom
error[T3001]: Out of bounds exception
   ┌─ "/home/basque/dev/zkjson/circom/query/query.circom":30:33
   │
30 │         _hash[i].inputs[i2] <== json[i * 16 + i2];
   │                                 ^^^^^^^^^^^^^^^^^ found here
   │
   = call trace:
     ->Rollup
      ->Query

previous errors were found

      at compile (node_modules/circom_tester/wasm/tester.js:95:9)
      at process.processTicksAndRejections (node:internal/process/task_queues:95:5)
      at async wasm_tester (node_modules/circom_tester/wasm/tester.js:45:9)
      at async Context.<anonymous> (circom/rollup/test.js:44:15)



error Command failed with exit code 1.
info Visit https://yarnpkg.com/en/docs/cli/run for documentation about this command.
?➜  zkjson git:(circuit) ?✗ yarn mocha circom/rollup/test.js
yarn mocha circom/rollup/test.js
yarn run v1.22.19
warning ../package.json: No license field
$ /home/basque/dev/zkjson/node_modules/.bin/mocha circom/rollup/test.js


  SMT Verifier test
    ✔ should insert docs (111477ms)


  1 passing (4m)

Done in 218.94s.
?➜  zkjson git:(circuit) ?✗ node circom/rollup/generateInput.js 
node circom/rollup/generateInput.js 
?➜  zkjson git:(circuit) ?✗ node circom/rollup/generateInput.js 
node circom/rollup/generateInput.js 
?➜  zkjson git:(circuit) ?✗ node circom/rollup/generateInput.js 
node circom/rollup/generateInput.js 
?➜  zkjson git:(circuit) ?✗ cd solidity/
cd solidity/
?➜  solidity git:(circuit) ?✗ yarn hardhat test test/verifier.js 
yarn hardhat test test/verifier.js 
yarn run v1.22.19
warning package.json: No license field
warning ../../package.json: No license field
$ /home/basque/dev/zkjson/solidity/node_modules/.bin/hardhat test test/verifier.js
Compiled 2 Solidity files successfully (evm target: paris).


  zkDB
ERROR:  6 
    1) Should verify rollup transactions


  0 passing (7s)
  1 failing

  1) zkDB
       Should verify rollup transactions:
     Error: Error: Input signal array access exceeds the size. 
      at /home/basque/dev/zkjson/solidity/node_modules/circom_runtime/build/main.cjs:485:27
      at Array.forEach (<anonymous>)
      at WitnessCalculatorCircom2._doCalculateWitness (node_modules/circom_runtime/build/main.cjs:470:14)
      at WitnessCalculatorCircom2.calculateWTNSBin (node_modules/circom_runtime/build/main.cjs:515:20)
      at wtnsCalculate (node_modules/snarkjs/build/main.cjs:1268:28)
      at Object.groth16FullProve [as fullProve] (node_modules/snarkjs/build/main.cjs:1301:5)
      at ZKDB.insert (test/ZKDB.js:203:38)
      at Context.<anonymous> (test/verifier.js:48:5)



error Command failed with exit code 1.
info Visit https://yarnpkg.com/en/docs/cli/run for documentation about this command.
?➜  solidity git:(circuit) ?✗ yarn hardhat test test/verifier.js 
yarn hardhat test test/verifier.js 
yarn run v1.22.19
warning package.json: No license field
warning ../../package.json: No license field
$ /home/basque/dev/zkjson/solidity/node_modules/.bin/hardhat test test/verifier.js


  zkDB
ERROR:  4 Error in template Query_310 line: 57
Error in template Rollup_311 line: 39

    1) Should verify rollup transactions


  0 passing (7s)
  1 failing

  1) zkDB
       Should verify rollup transactions:
     Error: Error: Assert Failed. Error in template Query_310 line: 57
Error in template Rollup_311 line: 39

      at /home/basque/dev/zkjson/solidity/node_modules/circom_runtime/build/main.cjs:485:27
      at Array.forEach (<anonymous>)
      at WitnessCalculatorCircom2._doCalculateWitness (node_modules/circom_runtime/build/main.cjs:470:14)
      at WitnessCalculatorCircom2.calculateWTNSBin (node_modules/circom_runtime/build/main.cjs:515:20)
      at wtnsCalculate (node_modules/snarkjs/build/main.cjs:1268:28)
      at Object.groth16FullProve [as fullProve] (node_modules/snarkjs/build/main.cjs:1301:5)
      at ZKDB.insert (test/ZKDB.js:203:38)
      at Context.<anonymous> (test/verifier.js:48:5)



error Command failed with exit code 1.
info Visit https://yarnpkg.com/en/docs/cli/run for documentation about this command.
?➜  solidity git:(circuit) ?✗ yarn hardhat test test/verifier.js 
yarn hardhat test test/verifier.js 
yarn run v1.22.19
warning package.json: No license field
warning ../../package.json: No license field
$ /home/basque/dev/zkjson/solidity/node_modules/.bin/hardhat test test/verifier.js


  zkDB
ERROR:  4 Error in template Query_310 line: 57
Error in template Rollup_311 line: 39

    1) Should verify rollup transactions


  0 passing (7s)
  1 failing

  1) zkDB
       Should verify rollup transactions:
     Error: Error: Assert Failed. Error in template Query_310 line: 57
Error in template Rollup_311 line: 39

      at /home/basque/dev/zkjson/solidity/node_modules/circom_runtime/build/main.cjs:485:27
      at Array.forEach (<anonymous>)
      at WitnessCalculatorCircom2._doCalculateWitness (node_modules/circom_runtime/build/main.cjs:470:14)
      at WitnessCalculatorCircom2.calculateWTNSBin (node_modules/circom_runtime/build/main.cjs:515:20)
      at wtnsCalculate (node_modules/snarkjs/build/main.cjs:1268:28)
      at Object.groth16FullProve [as fullProve] (node_modules/snarkjs/build/main.cjs:1301:5)
      at ZKDB.insert (test/ZKDB.js:203:38)
      at Context.<anonymous> (test/verifier.js:48:5)



error Command failed with exit code 1.
info Visit https://yarnpkg.com/en/docs/cli/run for documentation about this command.
?➜  solidity git:(circuit) ?✗ yarn hardhat test test/verifier.js 
yarn hardhat test test/verifier.js 
yarn run v1.22.19
warning package.json: No license field
warning ../../package.json: No license field
$ /home/basque/dev/zkjson/solidity/node_modules/.bin/hardhat test test/verifier.js


  zkDB
    1) Should verify rollup transactions


  0 passing (1m)
  1 failing

  1) zkDB
       Should verify rollup transactions:
     Error: Not all inputs have been set. Only 334 out of 470
      at WitnessCalculatorCircom2._doCalculateWitness (node_modules/circom_runtime/build/main.cjs:491:19)
      at WitnessCalculatorCircom2.calculateWTNSBin (node_modules/circom_runtime/build/main.cjs:515:20)
      at wtnsCalculate (node_modules/snarkjs/build/main.cjs:1268:28)
      at Object.groth16FullProve [as fullProve] (node_modules/snarkjs/build/main.cjs:1301:5)
      at ZKDB.genProof (test/ZKDB.js:76:7)
      at ZKDB.query (test/ZKDB.js:91:20)
      at Context.<anonymous> (test/verifier.js:50:19)



error Command failed with exit code 1.
info Visit https://yarnpkg.com/en/docs/cli/run for documentation about this command.
?➜  solidity git:(circuit) ?✗ 

?➜  solidity git:(circuit) ?✗ yarn hardhat test test/verifier.js 
yarn hardhat test test/verifier.js 
yarn run v1.22.19
warning package.json: No license field
warning ../../package.json: No license field
$ /home/basque/dev/zkjson/solidity/node_modules/.bin/hardhat test test/verifier.js


  zkDB
    ✔ Should verify rollup transactions (63770ms)


  1 passing (1m)

Done in 66.84s.
?➜  solidity git:(circuit) ?✗ yarn hardhat test test/verifier.js 
yarn hardhat test test/verifier.js 
yarn run v1.22.19
warning package.json: No license field
warning ../../package.json: No license field
$ /home/basque/dev/zkjson/solidity/node_modules/.bin/hardhat test test/verifier.js


  zkDB
    1) Should verify rollup transactions


  0 passing (1m)
  1 failing

  1) zkDB
       Should verify rollup transactions:
     Error: Not all inputs have been set. Only 334 out of 470
      at WitnessCalculatorCircom2._doCalculateWitness (node_modules/circom_runtime/build/main.cjs:491:19)
      at WitnessCalculatorCircom2.calculateWTNSBin (node_modules/circom_runtime/build/main.cjs:515:20)
      at wtnsCalculate (node_modules/snarkjs/build/main.cjs:1268:28)
      at Object.groth16FullProve [as fullProve] (node_modules/snarkjs/build/main.cjs:1301:5)
      at ZKDB.genProof (test/ZKDB.js:76:7)
      at ZKDB.query (test/ZKDB.js:93:20)
      at Context.<anonymous> (test/verifier.js:50:19)



error Command failed with exit code 1.
info Visit https://yarnpkg.com/en/docs/cli/run for documentation about this command.
?➜  solidity git:(circuit) ?✗ yarn hardhat test test/verifier.js 
yarn hardhat test test/verifier.js 
yarn run v1.22.19
warning package.json: No license field
warning ../../package.json: No license field
$ /home/basque/dev/zkjson/solidity/node_modules/.bin/hardhat test test/verifier.js


  zkDB
{
  json: [
    '111129713152723101310831083111111129811111111299101111310012111121111113101',
    '12111015121131021010101211101112113102101011121110121211310210101212111013',
    '0',
    '0',
    '0',
    '0',
    '0',
    '0',
    '0',
    '0',
    '0',
    '0',
    '0',
    '0',
    '0',
    '0',
    '0',
    '0',
    '0',
    '0',
    '0',
    '0',
    '0',
    '0',
    '0',
    '0',
    '0',
    '0',
    '0',
    '0',
    '0',
    '0',
    '0',
    '0',
    '0',
    '0',
    '0',
    '0',
    '0',
    '0',
    '0',
    '0',
    '0',
    '0',
    '0',
    '0',
    '0',
    '0',
    '0',
    '0',
    '0',
    '0',
    '0',
    '0',
    '0',
    '0',
    '0',
    '0',
    '0',
    '0',
    '0',
    '0',
    '0',
    '0',
    '0',
    '0',
    '0',
    '0',
    '0',
    '0',
    '0',
    '0',
    '0',
    '0',
    '0',
    '0',
    '0',
    '0',
    '0',
    '0',
    '0',
    '0',
    '0',
    '0',
    '0',
    '0',
    '0',
    '0',
    '0',
    '0',
    '0',
    '0',
    '0',
    '0',
    '0',
    '0',
    '0',
    '0',
    '0',
    '0',
    ... 156 more items
  ],
  path: [ '11113100', '0', '0', '0', '0' ],
  val: [ '121111211', '0', '0', '0', '0' ],
  root: '1514421611725152277537098530659894682719388624478091288378017527501825406779',
  siblings: [
    '12169210622774619143190211616735136978258956463131902202110777769595276008384',
    '19842083656713594348718579518731364047969370637450590885711987066354572183376',
    '2009536879852875453252497375505350938133317515359648502687938700891552462672',
    '12337087345237168616647572833833240280622082605992776958915776017096826199415',
    '0',
    '0',
    '0',
    '0',
    '0',
    '0',
    '0',
    '0',
    '0',
    '0',
    '0',
    '0',
    '0',
    '0',
    '0',
    '0',
    '0',
    '0',
    '0',
    '0',
    '0',
    '0',
    '0',
    '0',
    '0',
    '0',
    '0',
    '0'
  ],
  key: '129402800',
  col_key: '128403700',
  col_siblings: [
    '0', '0', '0', '0', '0', '0',
    '0', '0', '0', '0', '0', '0',
    '0', '0', '0', '0', '0', '0',
    '0', '0', '0', '0', '0', '0',
    '0', '0', '0', '0', '0', '0',
    '0', '0'
  ],
  col_root: '18978350764792243343389922045685450223427778137737748094761466534754921210337'
}
    1) Should verify rollup transactions


  0 passing (1m)
  1 failing

  1) zkDB
       Should verify rollup transactions:
     Error: Not all inputs have been set. Only 334 out of 470
      at WitnessCalculatorCircom2._doCalculateWitness (node_modules/circom_runtime/build/main.cjs:491:19)
      at WitnessCalculatorCircom2.calculateWTNSBin (node_modules/circom_runtime/build/main.cjs:515:20)
      at wtnsCalculate (node_modules/snarkjs/build/main.cjs:1268:28)
      at Object.groth16FullProve [as fullProve] (node_modules/snarkjs/build/main.cjs:1301:5)
      at ZKDB.genProof (test/ZKDB.js:77:7)
      at ZKDB.query (test/ZKDB.js:94:20)
      at Context.<anonymous> (test/verifier.js:50:19)



error Command failed with exit code 1.
info Visit https://yarnpkg.com/en/docs/cli/run for documentation about this command.
?➜  solidity git:(circuit) ?✗ cd ../
cd ../
?➜  zkjson git:(circuit) ?✗ node circom/db/generateInput.js 
node circom/db/generateInput.js 
?➜  zkjson git:(circuit) ?✗ cd solidity/
cd solidity/
?➜  solidity git:(circuit) ?✗ yarn hardhat test test/verifier.js 
yarn hardhat test test/verifier.js 
yarn run v1.22.19
warning package.json: No license field
warning ../../package.json: No license field
$ /home/basque/dev/zkjson/solidity/node_modules/.bin/hardhat test test/verifier.js
Compiled 1 Solidity file successfully (evm target: paris).


  zkDB
{
  json: [
    '111129713152723101310831083111111129811111111299101111310012111121111113101',
    '12111015121131021010101211101112113102101011121110121211310210101212111013',
    '0',
    '0',
    '0',
    '0',
    '0',
    '0',
    '0',
    '0',
    '0',
    '0',
    '0',
    '0',
    '0',
    '0',
    '0',
    '0',
    '0',
    '0',
    '0',
    '0',
    '0',
    '0',
    '0',
    '0',
    '0',
    '0',
    '0',
    '0',
    '0',
    '0',
    '0',
    '0',
    '0',
    '0',
    '0',
    '0',
    '0',
    '0',
    '0',
    '0',
    '0',
    '0',
    '0',
    '0',
    '0',
    '0',
    '0',
    '0',
    '0',
    '0',
    '0',
    '0',
    '0',
    '0',
    '0',
    '0',
    '0',
    '0',
    '0',
    '0',
    '0',
    '0',
    '0',
    '0',
    '0',
    '0',
    '0',
    '0',
    '0',
    '0',
    '0',
    '0',
    '0',
    '0',
    '0',
    '0',
    '0',
    '0',
    '0',
    '0',
    '0',
    '0',
    '0',
    '0',
    '0',
    '0',
    '0',
    '0',
    '0',
    '0',
    '0',
    '0',
    '0',
    '0',
    '0',
    '0',
    '0',
    '0',
    ... 156 more items
  ],
  path: [ '11113100', '0', '0', '0', '0' ],
  val: [ '121111211', '0', '0', '0', '0' ],
  root: '1514421611725152277537098530659894682719388624478091288378017527501825406779',
  siblings: [
    '12169210622774619143190211616735136978258956463131902202110777769595276008384',
    '19842083656713594348718579518731364047969370637450590885711987066354572183376',
    '2009536879852875453252497375505350938133317515359648502687938700891552462672',
    '12337087345237168616647572833833240280622082605992776958915776017096826199415',
    '0',
    '0',
    '0',
    '0',
    '0',
    '0',
    '0',
    '0',
    '0',
    '0',
    '0',
    '0',
    '0',
    '0',
    '0',
    '0',
    '0',
    '0',
    '0',
    '0',
    '0',
    '0',
    '0',
    '0',
    '0',
    '0',
    '0',
    '0'
  ],
  key: '129402800',
  col_key: '128403700',
  col_siblings: [
    '0', '0', '0', '0', '0', '0',
    '0', '0', '0', '0', '0', '0',
    '0', '0', '0', '0', '0', '0',
    '0', '0', '0', '0', '0', '0',
    '0', '0', '0', '0', '0', '0',
    '0', '0'
  ],
  col_root: '18978350764792243343389922045685450223427778137737748094761466534754921210337'
}
{
  pi_a: [
    '2628134767404633355204636008568925850939533318361461477482176707674443560673',
    '10819651810994808774619822470140340451320223179804299797801298299175806964979',
    '1'
  ],
  pi_b: [
    [
      '9640726601819583477464692019429566630031353410378286895764406385708592307670',
      '11410024598649939085422822991036340057577958886687800570748844438948093634240'
    ],
    [
      '15231373223020249120529764366402981760027117792388988970185503727829391057091',
      '6672496556213033784664126193665534345223159169963607105221747299993273732415'
    ],
    [ '1', '0' ]
  ],
  pi_c: [
    '16030087728704153948938895097431710154230113967474900297427724326531429562457',
    '1850612963295697411854866044923025015528605917964994160094277307205597573774',
    '1'
  ],
  protocol: 'groth16',
  curve: 'bn128'
}
[
  '1',
  '11113100',
  '0',
  '0',
  '0',
  '0',
  '121111211',
  '0',
  '0',
  '0',
  '0',
  '18978350764792243343389922045685450223427778137737748094761466534754921210337',
  '128403700',
  '129402800'
]
{
  json: [
    '111129713152723101310831083111111129811111111299101111310012111121111113101',
    '12111015121131021010101211101112113102101011121110121211310210101212111013',
    '0',
    '0',
    '0',
    '0',
    '0',
    '0',
    '0',
    '0',
    '0',
    '0',
    '0',
    '0',
    '0',
    '0',
    '0',
    '0',
    '0',
    '0',
    '0',
    '0',
    '0',
    '0',
    '0',
    '0',
    '0',
    '0',
    '0',
    '0',
    '0',
    '0',
    '0',
    '0',
    '0',
    '0',
    '0',
    '0',
    '0',
    '0',
    '0',
    '0',
    '0',
    '0',
    '0',
    '0',
    '0',
    '0',
    '0',
    '0',
    '0',
    '0',
    '0',
    '0',
    '0',
    '0',
    '0',
    '0',
    '0',
    '0',
    '0',
    '0',
    '0',
    '0',
    '0',
    '0',
    '0',
    '0',
    '0',
    '0',
    '0',
    '0',
    '0',
    '0',
    '0',
    '0',
    '0',
    '0',
    '0',
    '0',
    '0',
    '0',
    '0',
    '0',
    '0',
    '0',
    '0',
    '0',
    '0',
    '0',
    '0',
    '0',
    '0',
    '0',
    '0',
    '0',
    '0',
    '0',
    '0',
    '0',
    ... 156 more items
  ],
  path: [ '1111299', '0', '0', '0', '0' ],
  val: [ '10', '0', '0', '0', '0' ],
  root: '1514421611725152277537098530659894682719388624478091288378017527501825406779',
  siblings: [
    '12169210622774619143190211616735136978258956463131902202110777769595276008384',
    '19842083656713594348718579518731364047969370637450590885711987066354572183376',
    '2009536879852875453252497375505350938133317515359648502687938700891552462672',
    '12337087345237168616647572833833240280622082605992776958915776017096826199415',
    '0',
    '0',
    '0',
    '0',
    '0',
    '0',
    '0',
    '0',
    '0',
    '0',
    '0',
    '0',
    '0',
    '0',
    '0',
    '0',
    '0',
    '0',
    '0',
    '0',
    '0',
    '0',
    '0',
    '0',
    '0',
    '0',
    '0',
    '0'
  ],
  key: '129402800',
  col_key: '128403700',
  col_siblings: [
    '0', '0', '0', '0', '0', '0',
    '0', '0', '0', '0', '0', '0',
    '0', '0', '0', '0', '0', '0',
    '0', '0', '0', '0', '0', '0',
    '0', '0', '0', '0', '0', '0',
    '0', '0'
  ],
  col_root: '18978350764792243343389922045685450223427778137737748094761466534754921210337'
}
{
  pi_a: [
    '20951041423815011066549551625989794754817229456899792074177860687949957906511',
    '2286694263591552455477948726392530140801997447771668182980099802033728410346',
    '1'
  ],
  pi_b: [
    [
      '15564067276195050917545837302418507612904153822409093818964660907769885009899',
      '20149489722183597664476448009290377296214968382379124305900076378791862639816'
    ],
    [
      '12848004942616712458355170795644192345827739820291621020561507265875514416236',
      '15260596423145068577068312869573514145268234356690170733809780770573296351401'
    ],
    [ '1', '0' ]
  ],
  pi_c: [
    '20825496113260976088402179944335417906480523970550098515758991792529117957874',
    '5793035808002940597901279345342316841940587448165701976919385545844339214181',
    '1'
  ],
  protocol: 'groth16',
  curve: 'bn128'
}
[
  '1',
  '1111299',
  '0',
  '0',
  '0',
  '0',
  '10',
  '0',
  '0',
  '0',
  '0',
  '18978350764792243343389922045685450223427778137737748094761466534754921210337',
  '128403700',
  '129402800'
]
{
  json: [
    '111129713152723101310831083111111129811111111299101111310012111121111113101',
    '12111015121131021010101211101112113102101011121110121211310210101212111013',
    '0',
    '0',
    '0',
    '0',
    '0',
    '0',
    '0',
    '0',
    '0',
    '0',
    '0',
    '0',
    '0',
    '0',
    '0',
    '0',
    '0',
    '0',
    '0',
    '0',
    '0',
    '0',
    '0',
    '0',
    '0',
    '0',
    '0',
    '0',
    '0',
    '0',
    '0',
    '0',
    '0',
    '0',
    '0',
    '0',
    '0',
    '0',
    '0',
    '0',
    '0',
    '0',
    '0',
    '0',
    '0',
    '0',
    '0',
    '0',
    '0',
    '0',
    '0',
    '0',
    '0',
    '0',
    '0',
    '0',
    '0',
    '0',
    '0',
    '0',
    '0',
    '0',
    '0',
    '0',
    '0',
    '0',
    '0',
    '0',
    '0',
    '0',
    '0',
    '0',
    '0',
    '0',
    '0',
    '0',
    '0',
    '0',
    '0',
    '0',
    '0',
    '0',
    '0',
    '0',
    '0',
    '0',
    '0',
    '0',
    '0',
    '0',
    '0',
    '0',
    '0',
    '0',
    '0',
    '0',
    '0',
    '0',
    ... 156 more items
  ],
  path: [ '11113101', '0', '0', '0', '0' ],
  val: [ '12111015', '0', '0', '0', '0' ],
  root: '1514421611725152277537098530659894682719388624478091288378017527501825406779',
  siblings: [
    '12169210622774619143190211616735136978258956463131902202110777769595276008384',
    '19842083656713594348718579518731364047969370637450590885711987066354572183376',
    '2009536879852875453252497375505350938133317515359648502687938700891552462672',
    '12337087345237168616647572833833240280622082605992776958915776017096826199415',
    '0',
    '0',
    '0',
    '0',
    '0',
    '0',
    '0',
    '0',
    '0',
    '0',
    '0',
    '0',
    '0',
    '0',
    '0',
    '0',
    '0',
    '0',
    '0',
    '0',
    '0',
    '0',
    '0',
    '0',
    '0',
    '0',
    '0',
    '0'
  ],
  key: '129402800',
  col_key: '128403700',
  col_siblings: [
    '0', '0', '0', '0', '0', '0',
    '0', '0', '0', '0', '0', '0',
    '0', '0', '0', '0', '0', '0',
    '0', '0', '0', '0', '0', '0',
    '0', '0', '0', '0', '0', '0',
    '0', '0'
  ],
  col_root: '18978350764792243343389922045685450223427778137737748094761466534754921210337'
}
{
  pi_a: [
    '18242056815372896436849858997049762774388685243290831307971618412641368860553',
    '6906530338655535577129582004177557949892315107794025342413767217876561285726',
    '1'
  ],
  pi_b: [
    [
      '4237155674054201378323987833592094844994382738413678693541595131108747996228',
      '17756948146439580101205621494627405318707265660623054634894602922426544568410'
    ],
    [
      '19015652923587216917514745860533724009226842795264625134682823911532348080109',
      '14733732930011761056770596510430740655565817333622889981833148549916468501601'
    ],
    [ '1', '0' ]
  ],
  pi_c: [
    '11567795848193387398678950136050222203640911835331140370280820291321429080622',
    '16941276682574677164242525725415726484839377566630162472404050233909022008054',
    '1'
  ],
  protocol: 'groth16',
  curve: 'bn128'
}
[
  '1',
  '11113101',
  '0',
  '0',
  '0',
  '0',
  '12111015',
  '0',
  '0',
  '0',
  '0',
  '18978350764792243343389922045685450223427778137737748094761466534754921210337',
  '128403700',
  '129402800'
]
{
  json: [
    '111129713152723101310831083111111129811111111299101111310012111121111113101',
    '12111015121131021010101211101112113102101011121110121211310210101212111013',
    '0',
    '0',
    '0',
    '0',
    '0',
    '0',
    '0',
    '0',
    '0',
    '0',
    '0',
    '0',
    '0',
    '0',
    '0',
    '0',
    '0',
    '0',
    '0',
    '0',
    '0',
    '0',
    '0',
    '0',
    '0',
    '0',
    '0',
    '0',
    '0',
    '0',
    '0',
    '0',
    '0',
    '0',
    '0',
    '0',
    '0',
    '0',
    '0',
    '0',
    '0',
    '0',
    '0',
    '0',
    '0',
    '0',
    '0',
    '0',
    '0',
    '0',
    '0',
    '0',
    '0',
    '0',
    '0',
    '0',
    '0',
    '0',
    '0',
    '0',
    '0',
    '0',
    '0',
    '0',
    '0',
    '0',
    '0',
    '0',
    '0',
    '0',
    '0',
    '0',
    '0',
    '0',
    '0',
    '0',
    '0',
    '0',
    '0',
    '0',
    '0',
    '0',
    '0',
    '0',
    '0',
    '0',
    '0',
    '0',
    '0',
    '0',
    '0',
    '0',
    '0',
    '0',
    '0',
    '0',
    '0',
    '0',
    ... 156 more items
  ],
  path: [ '1111297', '0', '0', '0', '0' ],
  val: [ '13152723101310831083111', '0', '0', '0', '0' ],
  root: '1514421611725152277537098530659894682719388624478091288378017527501825406779',
  siblings: [
    '12169210622774619143190211616735136978258956463131902202110777769595276008384',
    '19842083656713594348718579518731364047969370637450590885711987066354572183376',
    '2009536879852875453252497375505350938133317515359648502687938700891552462672',
    '12337087345237168616647572833833240280622082605992776958915776017096826199415',
    '0',
    '0',
    '0',
    '0',
    '0',
    '0',
    '0',
    '0',
    '0',
    '0',
    '0',
    '0',
    '0',
    '0',
    '0',
    '0',
    '0',
    '0',
    '0',
    '0',
    '0',
    '0',
    '0',
    '0',
    '0',
    '0',
    '0',
    '0'
  ],
  key: '129402800',
  col_key: '128403700',
  col_siblings: [
    '0', '0', '0', '0', '0', '0',
    '0', '0', '0', '0', '0', '0',
    '0', '0', '0', '0', '0', '0',
    '0', '0', '0', '0', '0', '0',
    '0', '0', '0', '0', '0', '0',
    '0', '0'
  ],
  col_root: '18978350764792243343389922045685450223427778137737748094761466534754921210337'
}
{
  pi_a: [
    '21752280860299738952544161241867186332484778078590328384123496840863134189465',
    '11462319559117518804366427941058228370813838811722739101640055461132822526025',
    '1'
  ],
  pi_b: [
    [
      '9651619737532985652612030076465872301161314674977583948271993679574186528778',
      '16225325720525559691672154338831109818226469931318468352564172698735849325056'
    ],
    [
      '17133411294413417993058715837563465433332729623266618784075479918341768645783',
      '742175825039109283256070158045380542998223520250591698406067762484813058659'
    ],
    [ '1', '0' ]
  ],
  pi_c: [
    '15709291850684034402066367243991152125894902119943213979051922483096843921881',
    '14051856787192876735214945011699264395330227332125178258719392691900188160418',
    '1'
  ],
  protocol: 'groth16',
  curve: 'bn128'
}
[
  '1',
  '1111297',
  '0',
  '0',
  '0',
  '0',
  '13152723101310831083111',
  '0',
  '0',
  '0',
  '0',
  '18978350764792243343389922045685450223427778137737748094761466534754921210337',
  '128403700',
  '129402800'
]
{
  json: [
    '111129713152723101310831083111111129811111111299101111310012111121111113101',
    '12111015121131021010101211101112113102101011121110121211310210101212111013',
    '0',
    '0',
    '0',
    '0',
    '0',
    '0',
    '0',
    '0',
    '0',
    '0',
    '0',
    '0',
    '0',
    '0',
    '0',
    '0',
    '0',
    '0',
    '0',
    '0',
    '0',
    '0',
    '0',
    '0',
    '0',
    '0',
    '0',
    '0',
    '0',
    '0',
    '0',
    '0',
    '0',
    '0',
    '0',
    '0',
    '0',
    '0',
    '0',
    '0',
    '0',
    '0',
    '0',
    '0',
    '0',
    '0',
    '0',
    '0',
    '0',
    '0',
    '0',
    '0',
    '0',
    '0',
    '0',
    '0',
    '0',
    '0',
    '0',
    '0',
    '0',
    '0',
    '0',
    '0',
    '0',
    '0',
    '0',
    '0',
    '0',
    '0',
    '0',
    '0',
    '0',
    '0',
    '0',
    '0',
    '0',
    '0',
    '0',
    '0',
    '0',
    '0',
    '0',
    '0',
    '0',
    '0',
    '0',
    '0',
    '0',
    '0',
    '0',
    '0',
    '0',
    '0',
    '0',
    '0',
    '0',
    '0',
    ... 156 more items
  ],
  path: [ '1111298', '0', '0', '0', '0' ],
  val: [ '1111', '0', '0', '0', '0' ],
  root: '1514421611725152277537098530659894682719388624478091288378017527501825406779',
  siblings: [
    '12169210622774619143190211616735136978258956463131902202110777769595276008384',
    '19842083656713594348718579518731364047969370637450590885711987066354572183376',
    '2009536879852875453252497375505350938133317515359648502687938700891552462672',
    '12337087345237168616647572833833240280622082605992776958915776017096826199415',
    '0',
    '0',
    '0',
    '0',
    '0',
    '0',
    '0',
    '0',
    '0',
    '0',
    '0',
    '0',
    '0',
    '0',
    '0',
    '0',
    '0',
    '0',
    '0',
    '0',
    '0',
    '0',
    '0',
    '0',
    '0',
    '0',
    '0',
    '0'
  ],
  key: '129402800',
  col_key: '128403700',
  col_siblings: [
    '0', '0', '0', '0', '0', '0',
    '0', '0', '0', '0', '0', '0',
    '0', '0', '0', '0', '0', '0',
    '0', '0', '0', '0', '0', '0',
    '0', '0', '0', '0', '0', '0',
    '0', '0'
  ],
  col_root: '18978350764792243343389922045685450223427778137737748094761466534754921210337'
}
{
  pi_a: [
    '21211017559758938348487744816275176649932972600931553999400104119351634936535',
    '16568585478768092481743952386132313429129096707558686694167753355026657703983',
    '1'
  ],
  pi_b: [
    [
      '8378678003680245007352892972480443565888437415711816024067318997760155871607',
      '10852836406440987518039436116937109549063202131742290768515035428914319280204'
    ],
    [
      '15338627800196055273737431582647876101175924539607039136090353285961947147878',
      '10905653474056270775326193609708386365854308626389088359489595910292899957423'
    ],
    [ '1', '0' ]
  ],
  pi_c: [
    '5490828445131749778075582072035982274795470555797289574721435848064927815226',
    '20209823741153762331064977751131454984338696705899356878652206541576596984306',
    '1'
  ],
  protocol: 'groth16',
  curve: 'bn128'
}
[
  '1',
  '1111298',
  '0',
  '0',
  '0',
  '0',
  '1111',
  '0',
  '0',
  '0',
  '0',
  '18978350764792243343389922045685450223427778137737748094761466534754921210337',
  '128403700',
  '129402800'
]
{
  json: [
    '111129713152723101310831083111111129811111111299101111310012111121111113101',
    '12111015121131021010101211101112113102101011121110121211310210101212111013',
    '0',
    '0',
    '0',
    '0',
    '0',
    '0',
    '0',
    '0',
    '0',
    '0',
    '0',
    '0',
    '0',
    '0',
    '0',
    '0',
    '0',
    '0',
    '0',
    '0',
    '0',
    '0',
    '0',
    '0',
    '0',
    '0',
    '0',
    '0',
    '0',
    '0',
    '0',
    '0',
    '0',
    '0',
    '0',
    '0',
    '0',
    '0',
    '0',
    '0',
    '0',
    '0',
    '0',
    '0',
    '0',
    '0',
    '0',
    '0',
    '0',
    '0',
    '0',
    '0',
    '0',
    '0',
    '0',
    '0',
    '0',
    '0',
    '0',
    '0',
    '0',
    '0',
    '0',
    '0',
    '0',
    '0',
    '0',
    '0',
    '0',
    '0',
    '0',
    '0',
    '0',
    '0',
    '0',
    '0',
    '0',
    '0',
    '0',
    '0',
    '0',
    '0',
    '0',
    '0',
    '0',
    '0',
    '0',
    '0',
    '0',
    '0',
    '0',
    '0',
    '0',
    '0',
    '0',
    '0',
    '0',
    '0',
    ... 156 more items
  ],
  path: [ '11113102', '0', '0', '0', '0' ],
  val: [
    '14111010101211101111101011121110121110101212111013',
    '0',
    '0',
    '0',
    '0'
  ],
  root: '1514421611725152277537098530659894682719388624478091288378017527501825406779',
  siblings: [
    '12169210622774619143190211616735136978258956463131902202110777769595276008384',
    '19842083656713594348718579518731364047969370637450590885711987066354572183376',
    '2009536879852875453252497375505350938133317515359648502687938700891552462672',
    '12337087345237168616647572833833240280622082605992776958915776017096826199415',
    '0',
    '0',
    '0',
    '0',
    '0',
    '0',
    '0',
    '0',
    '0',
    '0',
    '0',
    '0',
    '0',
    '0',
    '0',
    '0',
    '0',
    '0',
    '0',
    '0',
    '0',
    '0',
    '0',
    '0',
    '0',
    '0',
    '0',
    '0'
  ],
  key: '129402800',
  col_key: '128403700',
  col_siblings: [
    '0', '0', '0', '0', '0', '0',
    '0', '0', '0', '0', '0', '0',
    '0', '0', '0', '0', '0', '0',
    '0', '0', '0', '0', '0', '0',
    '0', '0', '0', '0', '0', '0',
    '0', '0'
  ],
  col_root: '18978350764792243343389922045685450223427778137737748094761466534754921210337'
}
{
  pi_a: [
    '934883220617645092418270791360820117860243285205495721670981790131039294692',
    '19172628045366117554700104415555190322965604045756764590760882746068325277749',
    '1'
  ],
  pi_b: [
    [
      '21751311349315414597489105923722628802323958317769100389597485890853143583628',
      '10137972971773777174653151666116553926885204741009052303435208451880700270856'
    ],
    [
      '7108893179725014867509413570312064950303202589376733832695725390474782071274',
      '11535230485666438743647187057725828523242162098397159945311448203941001278695'
    ],
    [ '1', '0' ]
  ],
  pi_c: [
    '10916605047213617408973180750976975294101523031826392485889227938798186871949',
    '6266326750026531216263036849512098888294494646468747115633976359225438628975',
    '1'
  ],
  protocol: 'groth16',
  curve: 'bn128'
}
[
  '1',
  '11113102',
  '0',
  '0',
  '0',
  '0',
  '14111010101211101111101011121110121110101212111013',
  '0',
  '0',
  '0',
  '0',
  '18978350764792243343389922045685450223427778137737748094761466534754921210337',
  '128403700',
  '129402800'
]
    ✔ Should verify rollup transactions (82323ms)


  1 passing (1m)

Done in 85.34s.
?➜  solidity git:(circuit) ?✗ yarn hardhat test test/dex.js 
yarn hardhat test test/dex.js 
yarn run v1.22.19
warning package.json: No license field
warning ../../package.json: No license field
$ /home/basque/dev/zkjson/solidity/node_modules/.bin/hardhat test test/dex.js


  zkDB
ERROR:  6 
    1) Should transfer point token


  0 passing (7s)
  1 failing

  1) zkDB
       Should transfer point token:
     Error: Error: Input signal array access exceeds the size. 
      at /home/basque/dev/zkjson/solidity/node_modules/circom_runtime/build/main.cjs:485:27
      at Array.forEach (<anonymous>)
      at WitnessCalculatorCircom2._doCalculateWitness (node_modules/circom_runtime/build/main.cjs:470:14)
      at WitnessCalculatorCircom2.calculateWTNSBin (node_modules/circom_runtime/build/main.cjs:515:20)
      at wtnsCalculate (node_modules/snarkjs/build/main.cjs:1268:28)
      at Object.groth16FullProve [as fullProve] (node_modules/snarkjs/build/main.cjs:1301:5)
      at ZKDB.insert (test/ZKDB.js:205:38)
      at Context.<anonymous> (test/dex.js:50:5)



error Command failed with exit code 1.
info Visit https://yarnpkg.com/en/docs/cli/run for documentation about this command.
?➜  solidity git:(circuit) ?✗ yarn hardhat test test/dex.js 
yarn hardhat test test/dex.js 
yarn run v1.22.19
warning package.json: No license field
warning ../../package.json: No license field
$ /home/basque/dev/zkjson/solidity/node_modules/.bin/hardhat test test/dex.js


  zkDB
{
  pi_a: [
    '3379996923955199705878348464004240343686891143198767770715389269544832082113',
    '18512443311052610313841463965874752960587470874693521264425422233935761256140',
    '1'
  ],
  pi_b: [
    [
      '15306419250499047828439039814756560524567800201685198305869174184930773500773',
      '7121557300221886228614217278040745956152747038181836567152132847791058897167'
    ],
    [
      '17543826217333133805469674362950609726504193173454277319622745942475361997496',
      '14028377915420636692534287823907799079476224188003912777108020726862273096339'
    ],
    [ '1', '0' ]
  ],
  pi_c: [
    '13301493260858293220063524295536422901469686669279928998996608310605863894645',
    '16132059696356508049222384157137270813453654042964429610265757412323170737676',
    '1'
  ],
  protocol: 'groth16',
  curve: 'bn128'
}
[
  '1',
  '1111297',
  '0',
  '0',
  '0',
  '0',
  '1324224831202552482572572552572552482992532492562492503100299251297248249248',
  '2992553100248249298253248310124831002492553100299255257299256',
  '0',
  '0',
  '0',
  '17111874896091420649341063591037451625245236639267049007754135140120855990813',
  '1274334293230',
  '127464339625352'
]
{
  pi_a: [
    '11197221986841893391206370671566180314161849057979783723756729264691659284530',
    '6788676844752370470519842593502292940315249840924571040530169578307430025590',
    '1'
  ],
  pi_b: [
    [
      '7549022845522547789988734872043259031665704872200193371602525773037297878592',
      '3700927723609922409926366202465747222564698905328869310606986631685314057291'
    ],
    [
      '13392939365245122187365509024747056431887450331272839883167648652491350287366',
      '17304712614038956786027460074123572893860238815740614432390173418171055963990'
    ],
    [ '1', '0' ]
  ],
  pi_c: [
    '13799392352653948909048583656731695989830744594368681714405787606070813569390',
    '18910822330450597809759041554450602167976231911793786561200144303436208521962',
    '1'
  ],
  protocol: 'groth16',
  curve: 'bn128'
}
[
  '1',
  '1111298',
  '0',
  '0',
  '0',
  '0',
  '121110250',
  '0',
  '0',
  '0',
  '0',
  '17111874896091420649341063591037451625245236639267049007754135140120855990813',
  '1274334293230',
  '127464339625352'
]
    ✔ Should transfer point token (72245ms)


  1 passing (1m)

Done in 72.87s.
?➜  solidity git:(circuit) ?✗ cd ../
cd ../
?➜  zkjson git:(circuit) ?✗ git add -A
git add -A
?➜  zkjson git:(circuit) ?✗ git commit -am 'nested poseidon for large JSON size'
git commit -am 'nested poseidon for large JSON size'
[circuit 314af61] nested poseidon for large JSON size
 33 files changed, 1110 insertions(+), 232 deletions(-)
 create mode 100644 *shell*
 create mode 100644 circom/collection/verifier.sol
 create mode 100644 circom/json/verifier.sol
 delete mode 100644 collection.js
?➜  zkjson git:(circuit) git push origin circuit
git push origin circuit
Enumerating objects: 79, done.
Counting objects: 100% (79/79), done.
Delta compression using up to 12 threads
Compressing objects: 100% (43/43), done.
Writing objects: 100% (44/44), 13.59 KiB | 6.80 MiB/s, done.
Total 44 (delta 31), reused 0 (delta 0), pack-reused 0
remote: Resolving deltas: 100% (31/31), completed with 26 local objects.        
To https://github.com/weavedb/zkjson
   84c5421..314af61  circuit -> circuit
?➜  zkjson git:(circuit) ls
ls
 assets   circom   demo   node_modules   package.json   README.md   sdk  '*shell*'   solidity   test   yarn.lock
?➜  zkjson git:(circuit) ?✗ mkdir demos
mkdir demos
?➜  zkjson git:(circuit) ?✗ mv demo demos/simple
mv demo demos/simple
?➜  zkjson git:(circuit) ?✗ cd demos/
cd demos/
?➜  demos git:(circuit) ?✗ cp simple arweave
cp simple arweave
cp: -r not specified; omitting directory 'simple'
?➜  demos git:(circuit) ?✗ cp simple arweave -r
cp simple arweave -r
?➜  demos git:(circuit) ?✗ cd arweave/
cd arweave/
?➜  arweave git:(circuit) ?✗ yarn add zkjson
yarn add zkjson
yarn add v1.22.19
warning ../../../package.json: No license field
[1/4] Resolving packages...
[2/4] Fetching packages...
error next@14.0.4: The engine "node" is incompatible with this module. Expected version ">=18.17.0". Got "18.13.0"
error Found incompatible module.
info Visit https://yarnpkg.com/en/docs/cli/add for documentation about this command.
?➜  arweave git:(circuit) ?✗ nvm use 20
nvm use 20
Now using node v20.3.0 (npm v9.6.7)
?➜  arweave git:(circuit) ?✗ yarn add zkjson
yarn add zkjson
yarn add v1.22.19
warning ../../../package.json: No license field
[1/4] Resolving packages...
[2/4] Fetching packages...
[3/4] Linking dependencies...
[4/4] Building fresh packages...
success Saved lockfile.
success Saved 27 new dependencies.
info Direct dependencies
└─ zkjson@0.1.6
info All dependencies
├─ @ethersproject/abi@5.7.0
├─ @ethersproject/contracts@5.7.0
├─ @ethersproject/json-wallets@5.7.0
├─ @ethersproject/providers@5.7.2
├─ @ethersproject/solidity@5.7.0
├─ @ethersproject/units@5.7.0
├─ @ethersproject/wallet@5.7.0
├─ aes-js@3.0.0
├─ bech32@1.1.4
├─ blake-hash@2.0.0
├─ blake2b@2.1.4
├─ brorand@1.1.0
├─ elliptic@6.5.4
├─ ethers@5.7.2
├─ hash.js@1.1.7
├─ hmac-drbg@1.0.1
├─ inherits@2.0.4
├─ minimalistic-assert@1.0.1
├─ node-addon-api@3.2.1
├─ node-gyp-build@4.8.0
├─ readable-stream@3.6.2
├─ safe-buffer@5.2.1
├─ scrypt-js@3.0.1
├─ string_decoder@1.3.0
├─ util-deprecate@1.0.2
├─ ws@7.4.6
└─ zkjson@0.1.6
Done in 3.27s.
?➜  arweave git:(circuit) ?✗ ls public/
ls public/
circuit_final.zkey  circuit.wasm  verification_key.json
?➜  arweave git:(circuit) ?✗ cp ../../circom/json/verification_key.json public/
cp ../../circom/json/verification_key.json public/
?➜  arweave git:(circuit) ?✗ cp ../../circom/json/index_js/index.wasm public/circuit.wasm 
cp ../../circom/json/index_js/index.wasm public/circuit.wasm 
?➜  arweave git:(circuit) ?✗ cp ../../circom/json/index_0001.zkey public/circuit_final.zkey 
cp ../../circom/json/index_0001.zkey public/circuit_final.zkey 
?➜  arweave git:(circuit) ?✗ cd ../
cd ../
?➜  demos git:(circuit) ?✗ cd ../
cd ../
?➜  zkjson git:(circuit) ?✗ mv solidity/contracts/Arweave.sol solidity/contracts/ZKArweave.sol
mv solidity/contracts/Arweave.sol solidity/contracts/ZKArweave.sol
?➜  zkjson git:(circuit) ?✗ cd circom/
cd circom/
?➜  circom git:(circuit) ?✗ cd ../
cd ../
?➜  zkjson git:(circuit) ?✗ git add -A
git add -A
?➜  zkjson git:(circuit) ?✗ git status
git status
On branch circuit
Changes to be committed:
  (use "git restore --staged <file>..." to unstage)
	deleted:    *shell*
	modified:   README.md
	renamed:    demo/.gitignore -> demos/arweave/.gitignore
	renamed:    demo/jsconfig.json -> demos/arweave/jsconfig.json
	renamed:    demo/lib/encoder.js -> demos/arweave/lib/encoder.js
	renamed:    demo/next.config.js -> demos/arweave/next.config.js
	new file:   demos/arweave/package.json
	renamed:    demo/pages/_app.js -> demos/arweave/pages/_app.js
	renamed:    demo/pages/_document.js -> demos/arweave/pages/_document.js
	renamed:    demo/pages/api/hello.js -> demos/arweave/pages/api/hello.js
	new file:   demos/arweave/pages/index.js
	new file:   demos/arweave/public/circuit.wasm
	new file:   demos/arweave/public/circuit_final.zkey
	new file:   demos/arweave/public/verification_key.json
	new file:   demos/arweave/yarn.lock
	new file:   demos/simple/.gitignore
	new file:   demos/simple/jsconfig.json
	new file:   demos/simple/lib/encoder.js
	new file:   demos/simple/next.config.js
	renamed:    demo/package.json -> demos/simple/package.json
	new file:   demos/simple/pages/_app.js
	new file:   demos/simple/pages/_document.js
	new file:   demos/simple/pages/api/hello.js
	renamed:    demo/pages/index.js -> demos/simple/pages/index.js
	renamed:    demo/public/circuit.wasm -> demos/simple/public/circuit.wasm
	renamed:    demo/public/circuit_final.zkey -> demos/simple/public/circuit_final.zkey
	renamed:    demo/public/verification_key.json -> demos/simple/public/verification_key.json
	renamed:    demo/yarn.lock -> demos/simple/yarn.lock
	modified:   sdk/doc.js
	modified:   sdk/json.js
	new file:   solidity/contracts/ZKArweave.sol
	new file:   solidity/contracts/verifier_json.sol
	modified:   solidity/test/ZKDB.js
	new file:   solidity/test/arweave.js

?➜  zkjson git:(circuit) ?✗ ls
ls
assets  circom  demos  node_modules  package.json  README.md  sdk  solidity  test  yarn.lock
?➜  zkjson git:(circuit) ?✗ git commit -am '[solidity / demo] ZKArweave'
git commit -am '[solidity / demo] ZKArweave'
[circuit 7185667] [solidity / demo] ZKArweave
 34 files changed, 4120 insertions(+), 378 deletions(-)
 delete mode 100644 *shell*
 rename {demo => demos/arweave}/.gitignore (100%)
 rename {demo => demos/arweave}/jsconfig.json (100%)
 rename {demo => demos/arweave}/lib/encoder.js (100%)
 rename {demo => demos/arweave}/next.config.js (100%)
 create mode 100644 demos/arweave/package.json
 rename {demo => demos/arweave}/pages/_app.js (100%)
 rename {demo => demos/arweave}/pages/_document.js (100%)
 rename {demo => demos/arweave}/pages/api/hello.js (100%)
 create mode 100644 demos/arweave/pages/index.js
 create mode 100644 demos/arweave/public/circuit.wasm
 create mode 100644 demos/arweave/public/circuit_final.zkey
 create mode 100644 demos/arweave/public/verification_key.json
 create mode 100644 demos/arweave/yarn.lock
 create mode 100644 demos/simple/.gitignore
 create mode 100644 demos/simple/jsconfig.json
 create mode 100644 demos/simple/lib/encoder.js
 create mode 100644 demos/simple/next.config.js
 rename {demo => demos/simple}/package.json (100%)
 create mode 100644 demos/simple/pages/_app.js
 create mode 100644 demos/simple/pages/_document.js
 create mode 100644 demos/simple/pages/api/hello.js
 rename {demo => demos/simple}/pages/index.js (100%)
 rename {demo => demos/simple}/public/circuit.wasm (100%)
 rename {demo => demos/simple}/public/circuit_final.zkey (100%)
 rename {demo => demos/simple}/public/verification_key.json (100%)
 rename {demo => demos/simple}/yarn.lock (100%)
 create mode 100644 solidity/contracts/ZKArweave.sol
 create mode 100644 solidity/contracts/verifier_json.sol
 create mode 100644 solidity/test/arweave.js
?➜  zkjson git:(circuit) ls
ls
assets  circom  demos  node_modules  package.json  README.md  sdk  solidity  test  yarn.lock
?➜  zkjson git:(circuit) git checkout master
git checkout master
Switched to branch 'master'
?➜  zkjson git:(master) ?✗ git pull
git pull
remote: Enumerating objects: 51, done.        
remote: Counting objects: 100% (16/16), done.        
remote: Compressing objects: 100% (16/16), done.        
remote: Total 51 (delta 0), reused 0 (delta 0), pack-reused 35        
Unpacking objects: 100% (51/51), 39.98 KiB | 224.00 KiB/s, done.
From https://github.com/weavedb/zkjson
   02f34ca..074935d  master     -> origin/master
There is no tracking information for the current branch.
Please specify which branch you want to merge with.
See git-pull(1) for details.

    git pull <remote> <branch>

If you wish to set tracking information for this branch you can do so with:

    git branch --set-upstream-to=origin/<branch> master

?➜  zkjson git:(master) ?✗ cd checkout  circuit
cd checkout  circuit
cd: string not in pwd: checkout
?➜  zkjson git:(master) ?✗ git merge master
git merge master
Already up to date.
?➜  zkjson git:(master) ?✗ git checkout circuit
git checkout circuit
Switched to branch 'circuit'
?➜  zkjson git:(circuit) git merge origin master
git merge origin master
merge: origin - not something we can merge
?➜  zkjson git:(circuit) git merge master
git merge master
Already up to date.
?➜  zkjson git:(circuit) git pull master
git pull master
fatal: 'master' does not appear to be a git repository
fatal: Could not read from remote repository.

Please make sure you have the correct access rights
and the repository exists.
?➜  zkjson git:(circuit) git pull origin
git pull origin
You asked to pull from the remote 'origin', but did not specify
a branch. Because this is not the default configured remote
for your current branch, you must specify a branch on the command line.
?➜  zkjson git:(circuit) git pull origin master
git pull origin master
From https://github.com/weavedb/zkjson
 * branch            master     -> FETCH_HEAD
hint: You have divergent branches and need to specify how to reconcile them.
hint: You can do so by running one of the following commands sometime before
hint: your next pull:
hint: 
hint:   git config pull.rebase false  # merge
hint:   git config pull.rebase true   # rebase
hint:   git config pull.ff only       # fast-forward only
hint: 
hint: You can replace "git config" with "git config --global" to set a default
hint: preference for all repositories. You can also pass --rebase, --no-rebase,
hint: or --ff-only on the command line to override the configured default per
hint: invocation.
fatal: Need to specify how to reconcile divergent branches.
?➜  zkjson git:(circuit) git push origin circuit
git push origin circuit
Enumerating objects: 41, done.
Counting objects: 100% (41/41), done.
Delta compression using up to 12 threads
Compressing objects: 100% (30/30), done.
Writing objects: 100% (32/32), 12.18 MiB | 3.35 MiB/s, done.
Total 32 (delta 8), reused 0 (delta 0), pack-reused 0
remote: Resolving deltas: 100% (8/8), completed with 8 local objects.        
To https://github.com/weavedb/zkjson
   314af61..7185667  circuit -> circuit
?➜  zkjson git:(circuit) git pull
git pull
remote: Enumerating objects: 8, done.        
remote: Counting objects: 100% (8/8), done.        
remote: Compressing objects: 100% (4/4), done.        
remote: Total 4 (delta 2), reused 0 (delta 0), pack-reused 0        
Unpacking objects: 100% (4/4), 2.04 KiB | 52.00 KiB/s, done.
From https://github.com/weavedb/zkjson
   7185667..fcadf3b  circuit    -> origin/circuit
   074935d..0253124  master     -> origin/master
There is no tracking information for the current branch.
Please specify which branch you want to merge with.
See git-pull(1) for details.

    git pull <remote> <branch>

If you wish to set tracking information for this branch you can do so with:

    git branch --set-upstream-to=origin/<branch> circuit

?➜  zkjson git:(circuit) cd solidity/test/
cd solidity/test/
?➜  test git:(circuit) ?✗ cd ../
cd ../
?➜  solidity git:(circuit) ?✗ cd ../
cd ../
?➜  zkjson git:(circuit) ?✗ git status
git status
On branch circuit
Changes not staged for commit:
  (use "git add <file>..." to update what will be committed)
  (use "git restore <file>..." to discard changes in working directory)
	modified:   solidity/contracts/ZKArweave.sol
	modified:   solidity/test/ZKDB.js
	modified:   solidity/test/arweave.js

Untracked files:
  (use "git add <file>..." to include in what will be committed)
	solidity/test/ZKArweave.js

no changes added to commit (use "git add" and/or "git commit -a")
?➜  zkjson git:(circuit) ?✗ git add -A
git add -A
?➜  zkjson git:(circuit) ?✗ git commit -am '[zk-arweave] test all data types'
git commit -am '[zk-arweave] test all data types'
[circuit 39b703c] [zk-arweave] test all data types
 4 files changed, 110 insertions(+), 44 deletions(-)
 create mode 100644 solidity/test/ZKArweave.js
?➜  zkjson git:(circuit) git push origin circuit
git push origin circuit
To https://github.com/weavedb/zkjson
 ! [rejected]        circuit -> circuit (non-fast-forward)
error: failed to push some refs to 'https://github.com/weavedb/zkjson'
hint: Updates were rejected because the tip of your current branch is behind
hint: its remote counterpart. If you want to integrate the remote changes,
hint: use 'git pull' before pushing again.
hint: See the 'Note about fast-forwards' in 'git push --help' for details.
?➜  zkjson git:(circuit) git push origin circuit
git push origin circuit
To https://github.com/weavedb/zkjson
 ! [rejected]        circuit -> circuit (non-fast-forward)
error: failed to push some refs to 'https://github.com/weavedb/zkjson'
hint: Updates were rejected because the tip of your current branch is behind
hint: its remote counterpart. If you want to integrate the remote changes,
hint: use 'git pull' before pushing again.
hint: See the 'Note about fast-forwards' in 'git push --help' for details.
?➜  zkjson git:(circuit) git pull
git pull
There is no tracking information for the current branch.
Please specify which branch you want to merge with.
See git-pull(1) for details.

    git pull <remote> <branch>

If you wish to set tracking information for this branch you can do so with:

    git branch --set-upstream-to=origin/<branch> circuit

?➜  zkjson git:(circuit) git pull origin circuit
git pull origin circuit
From https://github.com/weavedb/zkjson
 * branch            circuit    -> FETCH_HEAD
hint: You have divergent branches and need to specify how to reconcile them.
hint: You can do so by running one of the following commands sometime before
hint: your next pull:
hint: 
hint:   git config pull.rebase false  # merge
hint:   git config pull.rebase true   # rebase
hint:   git config pull.ff only       # fast-forward only
hint: 
hint: You can replace "git config" with "git config --global" to set a default
hint: preference for all repositories. You can also pass --rebase, --no-rebase,
hint: or --ff-only on the command line to override the configured default per
hint: invocation.
fatal: Need to specify how to reconcile divergent branches.
?➜  zkjson git:(circuit) git push origin circuit
git push origin circuit
To https://github.com/weavedb/zkjson
 ! [rejected]        circuit -> circuit (non-fast-forward)
error: failed to push some refs to 'https://github.com/weavedb/zkjson'
hint: Updates were rejected because the tip of your current branch is behind
hint: its remote counterpart. If you want to integrate the remote changes,
hint: use 'git pull' before pushing again.
hint: See the 'Note about fast-forwards' in 'git push --help' for details.
?➜  zkjson git:(circuit) git merge origin master
git merge origin master
merge: origin - not something we can merge
?➜  zkjson git:(circuit) git merge origin circuit
git merge origin circuit
merge: origin - not something we can merge
?➜  zkjson git:(circuit) ggit pull
ggit pull
zsh: command not found: ggit
?➜  zkjson git:(circuit) git pull
git pull
There is no tracking information for the current branch.
Please specify which branch you want to merge with.
See git-pull(1) for details.

    git pull <remote> <branch>

If you wish to set tracking information for this branch you can do so with:

    git branch --set-upstream-to=origin/<branch> circuit

?➜  zkjson git:(circuit) git branch --set-upstream-to=origin/circuit circuit
git branch --set-upstream-to=origin/circuit circuit
branch 'circuit' set up to track 'origin/circuit'.
?➜  zkjson git:(circuit) git pull
git pull
hint: You have divergent branches and need to specify how to reconcile them.
hint: You can do so by running one of the following commands sometime before
hint: your next pull:
hint: 
hint:   git config pull.rebase false  # merge
hint:   git config pull.rebase true   # rebase
hint:   git config pull.ff only       # fast-forward only
hint: 
hint: You can replace "git config" with "git config --global" to set a default
hint: preference for all repositories. You can also pass --rebase, --no-rebase,
hint: or --ff-only on the command line to override the configured default per
hint: invocation.
fatal: Need to specify how to reconcile divergent branches.
?➜  zkjson git:(circuit) cd ../
cd ../
?➜  dev cp -rf zkjson zkjson2
cp -rf zkjson zkjson2
?➜  dev cd zkjson2/
cd zkjson2/
?➜  zkjson2 git:(circuit) git checkout master
git checkout master
Switched to branch 'master'
?➜  zkjson2 git:(master) ?✗ git pull
git pull
There is no tracking information for the current branch.
Please specify which branch you want to merge with.
See git-pull(1) for details.

    git pull <remote> <branch>

If you wish to set tracking information for this branch you can do so with:

    git branch --set-upstream-to=origin/<branch> master

?➜  zkjson2 git:(master) ?✗ git pull origin master
git pull origin master
From https://github.com/weavedb/zkjson
 * branch            master     -> FETCH_HEAD
Updating 02f34ca..0253124
Fast-forward
 .gitignore                                 |     1 +
 README.md                                  |   449 +
 assets/collection.png                      |   Bin 0 -> 27105 bytes
 assets/db.png                              |   Bin 0 -> 26624 bytes
 assets/encode.png                          |   Bin 0 -> 20270 bytes
 assets/query.png                           |   Bin 0 -> 17700 bytes
 assets/rollup.png                          |   Bin 0 -> 18799 bytes
 assets/structure.png                       |   Bin 0 -> 9525 bytes
 assets/weavedb.png                         |   Bin 0 -> 21277 bytes
 assets/zkjson.png                          |   Bin 0 -> 15282 bytes
 circom/ceremony.sh                         |     4 +
 circom/collection/.gitignore               |     9 +
 circom/collection/collection.circom        |    32 +
 circom/collection/compile.sh               |    10 +
 circom/collection/generateInput.js         |    26 +
 circom/collection/index.circom             |     4 +
 circom/collection/test.js                  |    37 +
 circom/collection/verifier.sol             |   247 +
 circom/db/.gitignore                       |     9 +
 circom/db/compile.sh                       |    10 +
 circom/db/db.circom                        |    39 +
 circom/db/generateInput.js                 |    25 +
 circom/db/index.circom                     |     4 +
 circom/db/test.js                          |    41 +
 circom/db/verifier.sol                     |   261 +
 circom/json/.gitignore                     |     9 +
 circom/json/compile.sh                     |    10 +
 circom/json/generateInput.js               |    14 +
 circom/json/index.circom                   |     4 +
 circom/json/json.circom                    |   123 +
 circom/json/test.js                        |    31 +
 circom/json/verifier.sol                   |   247 +
 circom/query/.gitignore                    |     9 +
 circom/query/compile.sh                    |    10 +
 circom/query/generateInput.js              |    23 +
 circom/query/index.circom                  |     4 +
 circom/query/query.circom                  |    58 +
 circom/query/test.js                       |    34 +
 circom/query/verifier.sol                  |   177 +
 circom/rollup/.gitignore                   |     9 +
 circom/rollup/compile.sh                   |    10 +
 circom/rollup/generateInput.js             |    26 +
 circom/rollup/index.circom                 |     4 +
 circom/rollup/rollup.circom                |    43 +
 circom/rollup/test.js                      |    69 +
 circom/rollup/verifier.sol                 |   240 +
 circom/utils/utils.circom                  |    64 +
 demos/arweave/.gitignore                   |    35 +
 demos/arweave/jsconfig.json                |     7 +
 demos/arweave/lib/encoder.js               |   375 +
 demos/arweave/next.config.js               |     6 +
 demos/arweave/package.json                 |    24 +
 demos/arweave/pages/_app.js                |     9 +
 demos/arweave/pages/_document.js           |    13 +
 demos/arweave/pages/api/hello.js           |     5 +
 demos/arweave/pages/index.js               |   381 +
 demos/arweave/public/circuit.wasm          |   Bin 0 -> 5778413 bytes
 demos/arweave/public/circuit_final.zkey    |   Bin 0 -> 16603048 bytes
 demos/arweave/public/verification_key.json |   149 +
 demos/arweave/yarn.lock                    |  2502 ++++
 demos/simple/.gitignore                    |    35 +
 demos/simple/jsconfig.json                 |     7 +
 demos/simple/lib/encoder.js                |   375 +
 demos/simple/next.config.js                |     6 +
 demos/simple/package.json                  |    23 +
 demos/simple/pages/_app.js                 |     9 +
 demos/simple/pages/_document.js            |    13 +
 demos/simple/pages/api/hello.js            |     5 +
 demos/simple/pages/index.js                |   342 +
 demos/simple/public/circuit.wasm           |   Bin 0 -> 44102 bytes
 demos/simple/public/circuit_final.zkey     |   Bin 0 -> 91588 bytes
 demos/simple/public/verification_key.json  |  1094 ++
 demos/simple/yarn.lock                     |  1971 +++
 encoder.js                                 |   119 -
 package.json                               |     9 +-
 sdk/circomlibjs.js                         | 40523 ++++++++++++++++++++++++++++++++++++++++++++++++++++++++++
 sdk/collection.js                          |    56 +
 sdk/db.js                                  |   240 +
 sdk/doc.js                                 |    15 +
 sdk/encoder.js                             |   474 +
 sdk/index.js                               |     6 +
 sdk/json.js                                |    15 +
 sdk/package.json                           |    14 +
 sdk/yarn.lock                              |   568 +
 solidity/.gitignore                        |    11 +
 solidity/README.md                         |    13 +
 solidity/contracts/DEX.sol                 |    65 +
 solidity/contracts/ZKArweave.sol           |   280 +
 solidity/contracts/ZKDB.sol                |   283 +
 solidity/contracts/verifier.sol            |   240 +
 solidity/contracts/verifier_db.sol         |   261 +
 solidity/contracts/verifier_json.sol       |   247 +
 solidity/hardhat.config.js                 |     6 +
 solidity/package.json                      |    23 +
 solidity/scripts/deploy.js                 |    32 +
 solidity/test/ZKDB.js                      |   217 +
 solidity/test/arweave.js                   |    82 +
 solidity/test/dex.js                       |    68 +
 solidity/test/verifier.js                  |    72 +
 solidity/yarn.lock                         |  4097 ++++++
 test/test.js                               |    57 +-
 yarn.lock                                  |  1021 +-
 102 files changed, 58789 insertions(+), 137 deletions(-)
 create mode 100644 README.md
 create mode 100644 assets/collection.png
 create mode 100644 assets/db.png
 create mode 100644 assets/encode.png
 create mode 100644 assets/query.png
 create mode 100644 assets/rollup.png
 create mode 100644 assets/structure.png
 create mode 100644 assets/weavedb.png
 create mode 100644 assets/zkjson.png
 create mode 100755 circom/ceremony.sh
 create mode 100644 circom/collection/.gitignore
 create mode 100644 circom/collection/collection.circom
 create mode 100755 circom/collection/compile.sh
 create mode 100644 circom/collection/generateInput.js
 create mode 100644 circom/collection/index.circom
 create mode 100644 circom/collection/test.js
 create mode 100644 circom/collection/verifier.sol
 create mode 100644 circom/db/.gitignore
 create mode 100755 circom/db/compile.sh
 create mode 100644 circom/db/db.circom
 create mode 100644 circom/db/generateInput.js
 create mode 100644 circom/db/index.circom
 create mode 100644 circom/db/test.js
 create mode 100644 circom/db/verifier.sol
 create mode 100644 circom/json/.gitignore
 create mode 100755 circom/json/compile.sh
 create mode 100644 circom/json/generateInput.js
 create mode 100644 circom/json/index.circom
 create mode 100644 circom/json/json.circom
 create mode 100644 circom/json/test.js
 create mode 100644 circom/json/verifier.sol
 create mode 100644 circom/query/.gitignore
 create mode 100755 circom/query/compile.sh
 create mode 100644 circom/query/generateInput.js
 create mode 100644 circom/query/index.circom
 create mode 100644 circom/query/query.circom
 create mode 100644 circom/query/test.js
 create mode 100644 circom/query/verifier.sol
 create mode 100644 circom/rollup/.gitignore
 create mode 100755 circom/rollup/compile.sh
 create mode 100644 circom/rollup/generateInput.js
 create mode 100644 circom/rollup/index.circom
 create mode 100644 circom/rollup/rollup.circom
 create mode 100644 circom/rollup/test.js
 create mode 100644 circom/rollup/verifier.sol
 create mode 100644 circom/utils/utils.circom
 create mode 100644 demos/arweave/.gitignore
 create mode 100644 demos/arweave/jsconfig.json
 create mode 100644 demos/arweave/lib/encoder.js
 create mode 100644 demos/arweave/next.config.js
 create mode 100644 demos/arweave/package.json
 create mode 100644 demos/arweave/pages/_app.js
 create mode 100644 demos/arweave/pages/_document.js
 create mode 100644 demos/arweave/pages/api/hello.js
 create mode 100644 demos/arweave/pages/index.js
 create mode 100644 demos/arweave/public/circuit.wasm
 create mode 100644 demos/arweave/public/circuit_final.zkey
 create mode 100644 demos/arweave/public/verification_key.json
 create mode 100644 demos/arweave/yarn.lock
 create mode 100644 demos/simple/.gitignore
 create mode 100644 demos/simple/jsconfig.json
 create mode 100644 demos/simple/lib/encoder.js
 create mode 100644 demos/simple/next.config.js
 create mode 100644 demos/simple/package.json
 create mode 100644 demos/simple/pages/_app.js
 create mode 100644 demos/simple/pages/_document.js
 create mode 100644 demos/simple/pages/api/hello.js
 create mode 100644 demos/simple/pages/index.js
 create mode 100644 demos/simple/public/circuit.wasm
 create mode 100644 demos/simple/public/circuit_final.zkey
 create mode 100644 demos/simple/public/verification_key.json
 create mode 100644 demos/simple/yarn.lock
 delete mode 100644 encoder.js
 create mode 100644 sdk/circomlibjs.js
 create mode 100644 sdk/collection.js
 create mode 100644 sdk/db.js
 create mode 100644 sdk/doc.js
 create mode 100644 sdk/encoder.js
 create mode 100644 sdk/index.js
 create mode 100644 sdk/json.js
 create mode 100644 sdk/package.json
 create mode 100644 sdk/yarn.lock
 create mode 100644 solidity/.gitignore
 create mode 100644 solidity/README.md
 create mode 100644 solidity/contracts/DEX.sol
 create mode 100644 solidity/contracts/ZKArweave.sol
 create mode 100644 solidity/contracts/ZKDB.sol
 create mode 100644 solidity/contracts/verifier.sol
 create mode 100644 solidity/contracts/verifier_db.sol
 create mode 100644 solidity/contracts/verifier_json.sol
 create mode 100644 solidity/hardhat.config.js
 create mode 100644 solidity/package.json
 create mode 100644 solidity/scripts/deploy.js
 create mode 100644 solidity/test/ZKDB.js
 create mode 100644 solidity/test/arweave.js
 create mode 100644 solidity/test/dex.js
 create mode 100644 solidity/test/verifier.js
 create mode 100644 solidity/yarn.lock
?➜  zkjson2 git:(master) git checkout circuit
git checkout circuit
Switched to branch 'circuit'
Your branch and 'origin/circuit' have diverged,
and have 1 and 50 different commits each, respectively.
  (use "git pull" if you want to integrate the remote branch with yours)
?➜  zkjson2 git:(circuit) git merge origin master
git merge origin master
merge: origin - not something we can merge
?➜  zkjson2 git:(circuit) cd ../
cd ../
?➜  dev cd zkjson2/
cd zkjson2/
?➜  zkjson2 git:(circuit) git merge
git merge
hint: Waiting for your editor to close the file...
Merge made by the 'ort' strategy.
 README.md | 54 +++++++++++++++++++++++++++---------------------------
 1 file changed, 27 insertions(+), 27 deletions(-)
?➜  zkjson2 git:(circuit) git push origin circuit
git push origin circuit
Enumerating objects: 25, done.
Counting objects: 100% (19/19), done.
Delta compression using up to 12 threads
Compressing objects: 100% (11/11), done.
Writing objects: 100% (11/11), 1.85 KiB | 1.85 MiB/s, done.
Total 11 (delta 8), reused 0 (delta 0), pack-reused 0
remote: Resolving deltas: 100% (8/8), completed with 6 local objects.        
To https://github.com/weavedb/zkjson
   fcadf3b..c89294b  circuit -> circuit
?➜  zkjson2 git:(circuit) cd ../
cd ../
?➜  dev mv zkjson ../
mv zkjson ../
?➜  dev mv zkjson2 zkjson
mv zkjson2 zkjson
?➜  dev cd zkjson/
cd zkjson/
?➜  zkjson git:(circuit) ls
ls
assets  circom  demos  node_modules  package.json  README.md  sdk  solidity  test  yarn.lock
?➜  zkjson git:(circuit) 